  /usr/gcc/15/bin/g++ -o /builds/psumbera/node-ai/out/Release/mksnapshot -rdynamic -pthreads -fPIC -m64 -Wl,-z,allextract  -Wl,--start-group /builds/psumbera/node-ai/out/Release/obj.target/mksnapshot/deps/v8/src/snapshot/builtins-effects-dummy.o /builds/psumbera/node-ai/out/Release/obj.target/mksnapshot/deps/v8/src/snapshot/embedded/embedded-empty.o /builds/psumbera/node-ai/out/Release/obj.target/mksnapshot/deps/v8/src/snapshot/embedded/embedded-file-writer.o /builds/psumbera/node-ai/out/Release/obj.target/mksnapshot/deps/v8/src/snapshot/embedded/platform-embedded-file-writer-aix.o /builds/psumbera/node-ai/out/Release/obj.target/mksnapshot/deps/v8/src/snapshot/embedded/platform-embedded-file-writer-base.o /builds/psumbera/node-ai/out/Release/obj.target/mksnapshot/deps/v8/src/snapshot/embedded/platform-embedded-file-writer-generic.o /builds/psumbera/node-ai/out/Release/obj.target/mksnapshot/deps/v8/src/snapshot/embedded/platform-embedded-file-writer-mac.o /builds/psumbera/node-ai/out/Release/obj.target/mksnapshot/deps/v8/src/snapshot/embedded/platform-embedded-file-writer-win.o /builds/psumbera/node-ai/out/Release/obj.target/mksnapshot/deps/v8/src/snapshot/embedded/platform-embedded-file-writer-zos.o /builds/psumbera/node-ai/out/Release/obj.target/mksnapshot/deps/v8/src/snapshot/mksnapshot.o /builds/psumbera/node-ai/out/Release/obj.target/mksnapshot/deps/v8/src/snapshot/snapshot-empty.o /builds/psumbera/node-ai/out/Release/obj.target/mksnapshot/deps/v8/src/snapshot/static-roots-gen.o /builds/psumbera/node-ai/out/Release/obj.target/tools/v8_gypfiles/libv8_base_without_compiler.a /builds/psumbera/node-ai/out/Release/obj.target/tools/v8_gypfiles/libv8_init.a /builds/psumbera/node-ai/out/Release/obj.target/tools/v8_gypfiles/libv8_libbase.a /builds/psumbera/node-ai/out/Release/obj.target/tools/v8_gypfiles/libv8_libplatform.a /builds/psumbera/node-ai/out/Release/obj.target/tools/v8_gypfiles/libabseil.a /builds/psumbera/node-ai/out/Release/obj.target/tools/v8_gypfiles/libv8_zlib.a /builds/psumbera/node-ai/out/Release/obj.target/tools/v8_gypfiles/libhighway.a /builds/psumbera/node-ai/out/Release/obj.target/tools/v8_gypfiles/libsimdutf.a /builds/psumbera/node-ai/out/Release/obj.target/tools/v8_gypfiles/libv8_compiler.a /builds/psumbera/node-ai/out/Release/obj.target/tools/v8_gypfiles/libv8_initializers.a /builds/psumbera/node-ai/out/Release/obj.target/tools/v8_gypfiles/libv8_initializers_slow.a -lz -luv -lcares -lnghttp2 -L/usr/openssl/3/lib -lcrypto -lssl -licui18n -licuuc -lnsl -lrt -Wl,--end-group
Undefined			first referenced
 symbol  			    in file
_ZN2v88internal24SharedMacroAssemblerBase15S128Load16SplatENS0_11XMMRegisterENS0_7OperandES2_ /builds/psumbera/node-ai/out/Release/obj.target/tools/v8_gypfiles/libv8_base_without_compiler.a(liftoff-compiler.o)
_ZN2v88internal24SharedMacroAssemblerBase8I64x2MulENS0_11XMMRegisterES2_S2_S2_S2_ /builds/psumbera/node-ai/out/Release/obj.target/tools/v8_gypfiles/libv8_base_without_compiler.a(liftoff-compiler.o)
_ZN2v88internal24SharedMacroAssemblerBase8I8x16ShlENS0_11XMMRegisterES2_hNS0_8RegisterES2_ /builds/psumbera/node-ai/out/Release/obj.target/tools/v8_gypfiles/libv8_base_without_compiler.a(liftoff-compiler.o)
_ZN2v88internal24SharedMacroAssemblerBase8I8x16ShlENS0_11XMMRegisterES2_NS0_8RegisterES3_S2_S2_ /builds/psumbera/node-ai/out/Release/obj.target/tools/v8_gypfiles/libv8_base_without_compiler.a(liftoff-compiler.o)
_ZN2v88internal24SharedMacroAssemblerBase14S128Load8SplatENS0_11XMMRegisterENS0_7OperandES2_ /builds/psumbera/node-ai/out/Release/obj.target/tools/v8_gypfiles/libv8_base_without_compiler.a(liftoff-compiler.o)
_ZN2v88internal24SharedMacroAssemblerBase9I8x16ShrSENS0_11XMMRegisterES2_hS2_ /builds/psumbera/node-ai/out/Release/obj.target/tools/v8_gypfiles/libv8_base_without_compiler.a(liftoff-compiler.o)
_ZN2v88internal24SharedMacroAssemblerBase19I16x8DotI8x16I7x16SENS0_11XMMRegisterES2_S2_ /builds/psumbera/node-ai/out/Release/obj.target/tools/v8_gypfiles/libv8_base_without_compiler.a(liftoff-compiler.o)
_ZN2v88internal24SharedMacroAssemblerBase8I64x2GtSENS0_11XMMRegisterES2_S2_S2_ /builds/psumbera/node-ai/out/Release/obj.target/tools/v8_gypfiles/libv8_base_without_compiler.a(liftoff-compiler.o)
_ZN2v88internal24SharedMacroAssemblerBase8BlendvpdENS0_11XMMRegisterES2_S2_S2_ /builds/psumbera/node-ai/out/Release/obj.target/tools/v8_gypfiles/libv8_base_without_compiler.a(liftoff-compiler.o)
_ZN2v88internal24SharedMacroAssemblerBase8BlendvpsENS0_11XMMRegisterES2_S2_S2_ /builds/psumbera/node-ai/out/Release/obj.target/tools/v8_gypfiles/libv8_base_without_compiler.a(liftoff-compiler.o)
_ZN2v88internal24SharedMacroAssemblerBase22I32x4DotI8x16I7x16AddSENS0_11XMMRegisterES2_S2_S2_S2_S2_ /builds/psumbera/node-ai/out/Release/obj.target/tools/v8_gypfiles/libv8_base_without_compiler.a(liftoff-compiler.o)
_ZN2v88internal24SharedMacroAssemblerBase22I64x2SConvertI32x4HighENS0_11XMMRegisterES2_ /builds/psumbera/node-ai/out/Release/obj.target/tools/v8_gypfiles/libv8_base_without_compiler.a(liftoff-compiler.o)
_ZN2v88internal24SharedMacroAssemblerBase8I64x2GeSENS0_11XMMRegisterES2_S2_S2_ /builds/psumbera/node-ai/out/Release/obj.target/tools/v8_gypfiles/libv8_base_without_compiler.a(liftoff-compiler.o)
_ZN2v88internal24SharedMacroAssemblerBase7S128NotENS0_11XMMRegisterES2_S2_ /builds/psumbera/node-ai/out/Release/obj.target/tools/v8_gypfiles/libv8_base_without_compiler.a(liftoff-compiler.o)
_ZN2v88internal24SharedMacroAssemblerBase8I64x2AbsENS0_11XMMRegisterES2_S2_ /builds/psumbera/node-ai/out/Release/obj.target/tools/v8_gypfiles/libv8_base_without_compiler.a(liftoff-compiler.o)
_ZN2v88internal24SharedMacroAssemblerBase8I64x2NegENS0_11XMMRegisterES2_S2_ /builds/psumbera/node-ai/out/Release/obj.target/tools/v8_gypfiles/libv8_base_without_compiler.a(liftoff-compiler.o)
_ZN2v88internal27RegExpMacroAssemblerSPARC6420CheckStackGuardStateEPmmmm /builds/psumbera/node-ai/out/Release/obj.target/tools/v8_gypfiles/libv8_base_without_compiler.a(external-reference.o)
_ZN2v88internal24SharedMacroAssemblerBase3AndENS0_8RegisterENS0_9ImmediateE /builds/psumbera/node-ai/out/Release/obj.target/tools/v8_gypfiles/libv8_compiler.a(code-generator-sparc64.o)
_ZN2v88internal24SharedMacroAssemblerBase10I16x8SplatENS0_11XMMRegisterENS0_8RegisterE /builds/psumbera/node-ai/out/Release/obj.target/tools/v8_gypfiles/libv8_base_without_compiler.a(liftoff-compiler.o)
_ZN2v88internal24SharedMacroAssemblerBase10I8x16SplatENS0_11XMMRegisterENS0_8RegisterES2_ /builds/psumbera/node-ai/out/Release/obj.target/tools/v8_gypfiles/libv8_base_without_compiler.a(liftoff-compiler.o)
_ZN2v88internal24SharedMacroAssemblerBase8PblendvbENS0_11XMMRegisterES2_S2_S2_ /builds/psumbera/node-ai/out/Release/obj.target/tools/v8_gypfiles/libv8_base_without_compiler.a(liftoff-compiler.o)
_ZN2v88internal24SharedMacroAssemblerBase9I64x2ShrSENS0_11XMMRegisterES2_hS2_ /builds/psumbera/node-ai/out/Release/obj.target/tools/v8_gypfiles/libv8_base_without_compiler.a(liftoff-compiler.o)
_ZN2v88internal24SharedMacroAssemblerBase9I64x2ShrSENS0_11XMMRegisterES2_NS0_8RegisterES2_S2_S3_ /builds/psumbera/node-ai/out/Release/obj.target/tools/v8_gypfiles/libv8_base_without_compiler.a(liftoff-compiler.o)
_ZN2v88internal24SharedMacroAssemblerBase9I8x16ShrSENS0_11XMMRegisterES2_NS0_8RegisterES3_S2_S2_ /builds/psumbera/node-ai/out/Release/obj.target/tools/v8_gypfiles/libv8_base_without_compiler.a(liftoff-compiler.o)
_ZN2v88internal24SharedMacroAssemblerBase9I8x16ShrUENS0_11XMMRegisterES2_NS0_8RegisterES3_S2_S2_ /builds/psumbera/node-ai/out/Release/obj.target/tools/v8_gypfiles/libv8_base_without_compiler.a(liftoff-compiler.o)
_ZN2v88internal24SharedMacroAssemblerBase11I64x2ExtMulENS0_11XMMRegisterES2_S2_S2_bb /builds/psumbera/node-ai/out/Release/obj.target/tools/v8_gypfiles/libv8_base_without_compiler.a(liftoff-compiler.o)
_ZN2v88internal24SharedMacroAssemblerBase22I64x2UConvertI32x4HighENS0_11XMMRegisterES2_S2_ /builds/psumbera/node-ai/out/Release/obj.target/tools/v8_gypfiles/libv8_base_without_compiler.a(liftoff-compiler.o)
_ZN2v88internal24SharedMacroAssemblerBase8F32x4MinENS0_11XMMRegisterES2_S2_S2_ /builds/psumbera/node-ai/out/Release/obj.target/tools/v8_gypfiles/libv8_base_without_compiler.a(liftoff-compiler.o)
_ZN2v88internal24SharedMacroAssemblerBase8F64x2MinENS0_11XMMRegisterES2_S2_S2_ /builds/psumbera/node-ai/out/Release/obj.target/tools/v8_gypfiles/libv8_base_without_compiler.a(liftoff-compiler.o)
_ZN2v88internal24SharedMacroAssemblerBase9F32x4QfmaENS0_11XMMRegisterES2_S2_S2_S2_ /builds/psumbera/node-ai/out/Release/obj.target/tools/v8_gypfiles/libv8_base_without_compiler.a(liftoff-compiler.o)
_ZN2v88internal24SharedMacroAssemblerBase9F32x4QfmsENS0_11XMMRegisterES2_S2_S2_S2_ /builds/psumbera/node-ai/out/Release/obj.target/tools/v8_gypfiles/libv8_base_without_compiler.a(liftoff-compiler.o)
_ZN2v88internal24SharedMacroAssemblerBase22I32x4UConvertI16x8HighENS0_11XMMRegisterES2_S2_ /builds/psumbera/node-ai/out/Release/obj.target/tools/v8_gypfiles/libv8_base_without_compiler.a(liftoff-compiler.o)
_ZN2v88internal24SharedMacroAssemblerBase16I16x8ExtMulHighSENS0_11XMMRegisterES2_S2_S2_ /builds/psumbera/node-ai/out/Release/obj.target/tools/v8_gypfiles/libv8_base_without_compiler.a(liftoff-compiler.o)
_ZN2v88internal24SharedMacroAssemblerBase16I16x8ExtMulHighUENS0_11XMMRegisterES2_S2_S2_ /builds/psumbera/node-ai/out/Release/obj.target/tools/v8_gypfiles/libv8_base_without_compiler.a(liftoff-compiler.o)
_ZN2v88internal24SharedMacroAssemblerBase11I32x4ExtMulENS0_11XMMRegisterES2_S2_S2_bb /builds/psumbera/node-ai/out/Release/obj.target/tools/v8_gypfiles/libv8_base_without_compiler.a(liftoff-compiler.o)
_ZN2v88internal24SharedMacroAssemblerBase22I16x8SConvertI8x16HighENS0_11XMMRegisterES2_ /builds/psumbera/node-ai/out/Release/obj.target/tools/v8_gypfiles/libv8_base_without_compiler.a(liftoff-compiler.o)
_ZN2v88internal24SharedMacroAssemblerBase22I16x8UConvertI8x16HighENS0_11XMMRegisterES2_S2_ /builds/psumbera/node-ai/out/Release/obj.target/tools/v8_gypfiles/libv8_base_without_compiler.a(liftoff-compiler.o)
_ZN2v88internal24SharedMacroAssemblerBase9I8x16ShrUENS0_11XMMRegisterES2_hNS0_8RegisterES2_ /builds/psumbera/node-ai/out/Release/obj.target/tools/v8_gypfiles/libv8_base_without_compiler.a(liftoff-compiler.o)
_ZN2v88internal24SharedMacroAssemblerBase16F64x2ReplaceLaneENS0_11XMMRegisterES2_S2_h /builds/psumbera/node-ai/out/Release/obj.target/tools/v8_gypfiles/libv8_base_without_compiler.a(liftoff-compiler.o)
_ZN2v88internal24SharedMacroAssemblerBase10S128SelectENS0_11XMMRegisterES2_S2_S2_S2_ /builds/psumbera/node-ai/out/Release/obj.target/tools/v8_gypfiles/libv8_base_without_compiler.a(liftoff-compiler.o)
_ZN2v88internal24SharedMacroAssemblerBase16I16x8Q15MulRSatSENS0_11XMMRegisterES2_S2_S2_ /builds/psumbera/node-ai/out/Release/obj.target/tools/v8_gypfiles/libv8_base_without_compiler.a(liftoff-compiler.o)
_ZN2v88internal24SharedMacroAssemblerBase9F64x2QfmsENS0_11XMMRegisterES2_S2_S2_S2_ /builds/psumbera/node-ai/out/Release/obj.target/tools/v8_gypfiles/libv8_base_without_compiler.a(liftoff-compiler.o)
_ZN2v88internal24SharedMacroAssemblerBase9F64x2QfmaENS0_11XMMRegisterES2_S2_S2_S2_ /builds/psumbera/node-ai/out/Release/obj.target/tools/v8_gypfiles/libv8_base_without_compiler.a(liftoff-compiler.o)
_ZN2v88internal24SharedMacroAssemblerBase10I16x8SplatENS0_11XMMRegisterENS0_7OperandE /builds/psumbera/node-ai/out/Release/obj.target/tools/v8_gypfiles/libv8_compiler.a(code-generator-sparc64.o)
_ZN2v88internal24SharedMacroAssemblerBase15S128Load32SplatENS0_11XMMRegisterENS0_7OperandE /builds/psumbera/node-ai/out/Release/obj.target/tools/v8_gypfiles/libv8_base_without_compiler.a(liftoff-compiler.o)
_ZN2v88internal24SharedMacroAssemblerBase22I32x4SConvertI16x8HighENS0_11XMMRegisterES2_ /builds/psumbera/node-ai/out/Release/obj.target/tools/v8_gypfiles/libv8_base_without_compiler.a(liftoff-compiler.o)
_ZN2v88internal24SharedMacroAssemblerBase15S128Store32LaneENS0_7OperandENS0_11XMMRegisterEh /builds/psumbera/node-ai/out/Release/obj.target/tools/v8_gypfiles/libv8_base_without_compiler.a(liftoff-compiler.o)
_ZN2v88internal24SharedMacroAssemblerBase15S128Store64LaneENS0_7OperandENS0_11XMMRegisterEh /builds/psumbera/node-ai/out/Release/obj.target/tools/v8_gypfiles/libv8_base_without_compiler.a(liftoff-compiler.o)
_ZN2v88internal24SharedMacroAssemblerBase25I32x4ExtAddPairwiseI16x8UENS0_11XMMRegisterES2_S2_ /builds/psumbera/node-ai/out/Release/obj.target/tools/v8_gypfiles/libv8_base_without_compiler.a(liftoff-compiler.o)
_ZN2v88internal24SharedMacroAssemblerBase8F64x2MaxENS0_11XMMRegisterES2_S2_S2_ /builds/psumbera/node-ai/out/Release/obj.target/tools/v8_gypfiles/libv8_base_without_compiler.a(liftoff-compiler.o)
_ZN2v88internal24SharedMacroAssemblerBase8F32x4MaxENS0_11XMMRegisterES2_S2_S2_ /builds/psumbera/node-ai/out/Release/obj.target/tools/v8_gypfiles/libv8_base_without_compiler.a(liftoff-compiler.o)
_ZN2v88internal24SharedMacroAssemblerBase14I16x8ExtMulLowENS0_11XMMRegisterES2_S2_S2_b /builds/psumbera/node-ai/out/Release/obj.target/tools/v8_gypfiles/libv8_base_without_compiler.a(liftoff-compiler.o)
_ZN2v88internal24SharedMacroAssemblerBase16F32x4ExtractLaneENS0_11XMMRegisterES2_h /builds/psumbera/node-ai/out/Release/obj.target/tools/v8_gypfiles/libv8_base_without_compiler.a(liftoff-compiler.o)
_ZN2v88internal24SharedMacroAssemblerBase6ShufpsENS0_11XMMRegisterES2_S2_h /builds/psumbera/node-ai/out/Release/obj.target/tools/v8_gypfiles/libv8_compiler.a(code-generator-sparc64.o)
PushAllRegistersAndIterateStack     /builds/psumbera/node-ai/out/Release/obj.target/tools/v8_gypfiles/libv8_base_without_compiler.a(stack.o)
_ZN2v88internal24SharedMacroAssemblerBase10F32x4SplatENS0_11XMMRegisterES2_ /builds/psumbera/node-ai/out/Release/obj.target/tools/v8_gypfiles/libv8_base_without_compiler.a(liftoff-compiler.o)
_ZN2v88internal24SharedMacroAssemblerBase16F64x2ExtractLaneENS0_11XMMRegisterES2_h /builds/psumbera/node-ai/out/Release/obj.target/tools/v8_gypfiles/libv8_base_without_compiler.a(liftoff-compiler.o)
_ZN2v88internal24SharedMacroAssemblerBase10I8x16SplatENS0_11XMMRegisterENS0_7OperandES2_ /builds/psumbera/node-ai/out/Release/obj.target/tools/v8_gypfiles/libv8_compiler.a(code-generator-sparc64.o)
ld: fatal: symbol referencing errors
collect2: error: ld returned 1 exit status
gmake[1]: *** [tools/v8_gypfiles/mksnapshot.target.mk:239: /builds/psumbera/node-ai/out/Release/mksnapshot] Error 1
gmake: *** [Makefile:143: node] Error 2
